// Jest Snapshot v1, https://jestjs.io/docs/snapshot-testing

exports[`LoadingIndicator matches snapshot 1`] = `
<div
  aria-label="Agent is thinking"
  aria-live="polite"
  class="max-w-[75%] mr-auto bg-gray-200 text-gray-900 px-4 py-3 rounded-lg"
  role="status"
>
  <div
    class="flex items-center gap-2"
  >
    <span
      class="text-gray-700"
    >
      Agent is thinking
    </span>
    <div
      class="flex gap-1"
    >
      <span
        class="animate-bounce-dot animation-delay-0"
      >
        .
      </span>
      <span
        class="animate-bounce-dot animation-delay-200"
      >
        .
      </span>
      <span
        class="animate-bounce-dot animation-delay-400"
      >
        .
      </span>
    </div>
  </div>
</div>
`;
